/mnt/e/2006/out_obj/obj_69767_datN0_per1sec.fits
/mnt/e/2006/out_obj/obj_69767_datP0_per1sec.fits
/mnt/e/2006/out_obj/obj_69769_datN0_per1sec.fits
/mnt/e/2006/out_obj/obj_69769_datP0_per1sec.fits
/mnt/e/2006/out_obj/obj_69771_datN0_per1sec.fits
/mnt/e/2006/out_obj/obj_69771_datP0_per1sec.fits
/mnt/e/2006/out_obj/obj_69773_datN0_per1sec.fits
/mnt/e/2006/out_obj/obj_69773_datP0_per1sec.fits
/mnt/e/2006/out_obj/obj_69775_datN0_per1sec.fits
/mnt/e/2006/out_obj/obj_69775_datP0_per1sec.fits
/mnt/e/2006/out_obj/obj_69777_datN0_per1sec.fits
/mnt/e/2006/out_obj/obj_69777_datP0_per1sec.fits
/mnt/e/2006/out_obj/obj_69779_datN0_per1sec.fits
/mnt/e/2006/out_obj/obj_69779_datP0_per1sec.fits
/mnt/e/2006/out_obj/obj_69781_datN0_per1sec.fits
/mnt/e/2006/out_obj/obj_69781_datP0_per1sec.fits
/mnt/e/2006/out_obj/obj_69783_datN0_per1sec.fits
/mnt/e/2006/out_obj/obj_69783_datP0_per1sec.fits
/mnt/e/2006/out_obj/obj_69785_datN0_per1sec.fits
/mnt/e/2006/out_obj/obj_69785_datP0_per1sec.fits
/mnt/e/2006/out_obj/obj_69787_datN0_per1sec.fits
/mnt/e/2006/out_obj/obj_69787_datP0_per1sec.fits
/mnt/e/2006/out_obj/obj_69789_datN0_per1sec.fits
/mnt/e/2006/out_obj/obj_69789_datP0_per1sec.fits
/mnt/e/2006/out_obj/obj_69791_datN0_per1sec.fits
/mnt/e/2006/out_obj/obj_69791_datP0_per1sec.fits
/mnt/e/2006/out_obj/obj_69793_datN0_per1sec.fits
/mnt/e/2006/out_obj/obj_69793_datP0_per1sec.fits
/mnt/e/2006/out_obj/obj_69795_datN0_per1sec.fits
/mnt/e/2006/out_obj/obj_69795_datP0_per1sec.fits
/mnt/e/2006/out_obj/obj_69797_datN0_per1sec.fits
/mnt/e/2006/out_obj/obj_69797_datP0_per1sec.fits
/mnt/e/2006/out_obj/obj_69799_datN0_per1sec.fits
/mnt/e/2006/out_obj/obj_69799_datP0_per1sec.fits
